$ git status
On branch master
Your branch is up to date with 'origin/master'.

Untracked files:
  (use "git add <file>..." to include in what will be committed)

        A/

nothing added to commit but untracked files present (use "git add" to track)

Ab@Abhranail MINGW32 /d/GIT/Demo_stuffs (master)
$ git add D:\GIT\Demo_stuffs\A\Second.txt
fatal: D:GITDemo_stuffsASecond.txt: 'D:GITDemo_stuffsASecond.txt' is outside repository

Ab@Abhranail MINGW32 /d/GIT/Demo_stuffs (master)
$ git add Second.txt
fatal: pathspec 'Second.txt' did not match any files

Ab@Abhranail MINGW32 /d/GIT/Demo_stuffs (master)
$ git status
On branch master
Your branch is up to date with 'origin/master'.

Untracked files:
  (use "git add <file>..." to include in what will be committed)

        A/
        Thirt.txt

nothing added to commit but untracked files present (use "git add" to track)

Ab@Abhranail MINGW32 /d/GIT/Demo_stuffs (master)
$ git add Thirt.txt

Ab@Abhranail MINGW32 /d/GIT/Demo_stuffs (master)
$ git commit -m "Third commit"
[master fdcbc1a] Third commit
 1 file changed, 1 insertion(+)
 create mode 100644 Thirt.txt

Ab@Abhranail MINGW32 /d/GIT/Demo_stuffs (master)
$ git push origin master
Enumerating objects: 4, done.
Counting objects: 100% (4/4), done.
Delta compression using up to 4 threads
Compressing objects: 100% (2/2), done.
Writing objects: 100% (3/3), 285 bytes | 57.00 KiB/s, done.
Total 3 (delta 1), reused 0 (delta 0)
remote: Resolving deltas: 100% (1/1), completed with 1 local object.
To https://github.com/AbhranilTechnical/Demo_stuffs.git
   c7b4632..fdcbc1a  master -> master

Ab@Abhranail MINGW32 /d/GIT/Demo_stuffs (master)
$ git status
On branch master
Your branch is up to date with 'origin/master'.

Untracked files:
  (use "git add <file>..." to include in what will be committed)

        A/

nothing added to commit but untracked files present (use "git add" to track)

Ab@Abhranail MINGW32 /d/GIT/Demo_stuffs (master)
$ git add A

Ab@Abhranail MINGW32 /d/GIT/Demo_stuffs (master)
$ git commit -m "A folder added"
[master 3edbe55] A folder added
 1 file changed, 1 insertion(+)
 create mode 100644 A/Second.txt

Ab@Abhranail MINGW32 /d/GIT/Demo_stuffs (master)
$ git push origin master
Enumerating objects: 5, done.
Counting objects: 100% (5/5), done.
Delta compression using up to 4 threads
Compressing objects: 100% (2/2), done.
Writing objects: 100% (4/4), 327 bytes | 54.00 KiB/s, done.
Total 4 (delta 1), reused 0 (delta 0)
remote: Resolving deltas: 100% (1/1), completed with 1 local object.
To https://github.com/AbhranilTechnical/Demo_stuffs.git
   fdcbc1a..3edbe55  master -> master

Ab@Abhranail MINGW32 /d/GIT/Demo_stuffs (master)
$ git status
On branch master
Your branch is up to date with 'origin/master'.

Untracked files:
  (use "git add <file>..." to include in what will be committed)

        A/Forth_inside_A.txt

nothing added to commit but untracked files present (use "git add" to track)

Ab@Abhranail MINGW32 /d/GIT/Demo_stuffs (master)
$ git add A/Forth_inside_A.txt

Ab@Abhranail MINGW32 /d/GIT/Demo_stuffs (master)
$ git commit -m "2nd commit inside A folder"
[master 04d80a4] 2nd commit inside A folder
 1 file changed, 1 insertion(+)
 create mode 100644 A/Forth_inside_A.txt

Ab@Abhranail MINGW32 /d/GIT/Demo_stuffs (master)
$ git push origin master
Enumerating objects: 6, done.
Counting objects: 100% (6/6), done.
Delta compression using up to 4 threads
Compressing objects: 100% (3/3), done.
Writing objects: 100% (4/4), 384 bytes | 64.00 KiB/s, done.
Total 4 (delta 1), reused 0 (delta 0)
remote: Resolving deltas: 100% (1/1), completed with 1 local object.
To https://github.com/AbhranilTechnical/Demo_stuffs.git
   3edbe55..04d80a4  master -> master

Ab@Abhranail MINGW32 /d/GIT/Demo_stuffs (master)
$ git status
On branch master
Your branch is up to date with 'origin/master'.

nothing to commit, working tree clean

Ab@Abhranail MINGW32 /d/GIT/Demo_stuffs (master)
$ git pull origin master
remote: Enumerating objects: 4, done.
remote: Counting objects: 100% (4/4), done.
remote: Compressing objects: 100% (2/2), done.
remote: Total 3 (delta 1), reused 0 (delta 0), pack-reused 0
Unpacking objects: 100% (3/3), done.
From https://github.com/AbhranilTechnical/Demo_stuffs
 * branch            master     -> FETCH_HEAD
   04d80a4..20c30a3  master     -> origin/master
Updating 04d80a4..20c30a3
Fast-forward
 Direct_created.txt | 1 +
 1 file changed, 1 insertion(+)
 create mode 100644 Direct_created.txt

Ab@Abhranail MINGW32 /d/GIT/Demo_stuffs (master)
$ git log -1
commit 20c30a3fb4e728ea515f8371cc39587d4f2aa5f4 (HEAD -> master, origin/master, origin/HEAD)
Author: AbhranilTechnical <51170433+AbhranilTechnical@users.noreply.github.com>
Date:   Thu May 30 21:07:27 2019 +0530

    Create Direct_created.txt

Ab@Abhranail MINGW32 /d/GIT/Demo_stuffs (master)
$ git branch branch1

Ab@Abhranail MINGW32 /d/GIT/Demo_stuffs (master)
$ git branch
  branch1
* master

Ab@Abhranail MINGW32 /d/GIT/Demo_stuffs (master)
$ git checkout branch1
Switched to branch 'branch1'

Ab@Abhranail MINGW32 /d/GIT/Demo_stuffs (branch1)
$ git status
On branch branch1
nothing to commit, working tree clean

Ab@Abhranail MINGW32 /d/GIT/Demo_stuffs (branch1)
$ git status
On branch branch1
Untracked files:
  (use "git add <file>..." to include in what will be committed)

        Branch1.txt

nothing added to commit but untracked files present (use "git add" to track)

Ab@Abhranail MINGW32 /d/GIT/Demo_stuffs (branch1)
$ git add Branch1.txt

Ab@Abhranail MINGW32 /d/GIT/Demo_stuffs (branch1)
$ git commit -m "Created on different branch"
[branch1 50efae5] Created on different branch
 1 file changed, 1 insertion(+)
 create mode 100644 Branch1.txt

Ab@Abhranail MINGW32 /d/GIT/Demo_stuffs (branch1)
$ git status
On branch branch1
nothing to commit, working tree clean

Ab@Abhranail MINGW32 /d/GIT/Demo_stuffs (branch1)
$ git commit -m "brabch1 file added"
On branch branch1
nothing to commit, working tree clean

Ab@Abhranail MINGW32 /d/GIT/Demo_stuffs (branch1)
$ git push Branch1.txt
fatal: invalid gitfile format: Branch1.txt
fatal: Could not read from remote repository.

Please make sure you have the correct access rights
and the repository exists.

Ab@Abhranail MINGW32 /d/GIT/Demo_stuffs (branch1)
$ git push origin Branch1
fatal: Branch1 cannot be resolved to branch

Ab@Abhranail MINGW32 /d/GIT/Demo_stuffs (branch1)
$ git push origin branch1
Enumerating objects: 4, done.
Counting objects: 100% (4/4), done.
Delta compression using up to 4 threads
Compressing objects: 100% (2/2), done.
Writing objects: 100% (3/3), 296 bytes | 59.00 KiB/s, done.
Total 3 (delta 1), reused 0 (delta 0)
remote: Resolving deltas: 100% (1/1), completed with 1 local object.
remote:
remote: Create a pull request for 'branch1' on GitHub by visiting:
remote:      https://github.com/AbhranilTechnical/Demo_stuffs/pull/new/branch1
remote:
To https://github.com/AbhranilTechnical/Demo_stuffs.git
 * [new branch]      branch1 -> branch1

Ab@Abhranail MINGW32 /d/GIT/Demo_stuffs (branch1)
$ git pull origin branch1
From https://github.com/AbhranilTechnical/Demo_stuffs
 * branch            branch1    -> FETCH_HEAD
Already up to date.

Ab@Abhranail MINGW32 /d/GIT/Demo_stuffs (branch1)
$ git pull origin master
From https://github.com/AbhranilTechnical/Demo_stuffs
 * branch            master     -> FETCH_HEAD
Already up to date.

Ab@Abhranail MINGW32 /d/GIT/Demo_stuffs (branch1)
$ git checkout master
Switched to branch 'master'
Your branch is up to date with 'origin/master'.

Ab@Abhranail MINGW32 /d/GIT/Demo_stuffs (master)
$ git merge branch1
Updating 20c30a3..50efae5
Fast-forward
 Branch1.txt | 1 +
 1 file changed, 1 insertion(+)
 create mode 100644 Branch1.txt

Ab@Abhranail MINGW32 /d/GIT/Demo_stuffs (master)
