
Ab@Abhranail MINGW32 ~
$ git version
git version 2.21.0.windows.1

Ab@Abhranail MINGW32 ~
$ git config --global user.name "AbhranilTechnical"

Ab@Abhranail MINGW32 ~
$ git config --global user.email subhabanerjee112@gmail.com

Ab@Abhranail MINGW32 ~
$ cd D:\GIT

Ab@Abhranail MINGW32 /d/GIT
$ git clone https://github.com/AbhranilTechnical/Demo_stuffs.git
Cloning into 'Demo_stuffs'...
remote: Enumerating objects: 3, done.
remote: Counting objects: 100% (3/3), done.
remote: Total 3 (delta 0), reused 0 (delta 0), pack-reused 0
Unpacking objects: 100% (3/3), done.

Ab@Abhranail MINGW32 /d/GIT
$ cd D:\GIT\Demo_stuffs
bash: cd: D:GITDemo_stuffs: No such file or directory

Ab@Abhranail MINGW32 /d/GIT
$ git status
fatal: not a git repository (or any of the parent directories): .git

Ab@Abhranail MINGW32 /d/GIT
$ cd Demo_stuffs/

Ab@Abhranail MINGW32 /d/GIT/Demo_stuffs (master)
$ git status
On branch master
Your branch is up to date with 'origin/master'.

Untracked files:
  (use "git add <file>..." to include in what will be committed)

        First_demo.txt

nothing added to commit but untracked files present (use "git add" to track)

Ab@Abhranail MINGW32 /d/GIT/Demo_stuffs (master)
$ git add First_demo.txt

Ab@Abhranail MINGW32 /d/GIT/Demo_stuffs (master)
$ git status
On branch master
Your branch is up to date with 'origin/master'.

Changes to be committed:
  (use "git reset HEAD <file>..." to unstage)

        new file:   First_demo.txt


Ab@Abhranail MINGW32 /d/GIT/Demo_stuffs (master)
$ git commit -m "This is first commit"
[master 0f15739] This is first commit
 1 file changed, 1 insertion(+)
 create mode 100644 First_demo.txt

Ab@Abhranail MINGW32 /d/GIT/Demo_stuffs (master)
$ git push -u origin master
Enumerating objects: 4, done.
Counting objects: 100% (4/4), done.
Delta compression using up to 4 threads
Compressing objects: 100% (2/2), done.
Writing objects: 100% (3/3), 317 bytes | 52.00 KiB/s, done.
Total 3 (delta 0), reused 0 (delta 0)
To https://github.com/AbhranilTechnical/Demo_stuffs.git
   9c47cb4..0f15739  master -> master
Branch 'master' set up to track remote branch 'master' from 'origin'.

Ab@Abhranail MINGW32 /d/GIT/Demo_stuffs (master)
$ git status
On branch master
Your branch is up to date with 'origin/master'.

Changes not staged for commit:
  (use "git add <file>..." to update what will be committed)
  (use "git checkout -- <file>..." to discard changes in working directory)

        modified:   First_demo.txt

no changes added to commit (use "git add" and/or "git commit -a")

Ab@Abhranail MINGW32 /d/GIT/Demo_stuffs (master)
$ git add First_demo.txt

Ab@Abhranail MINGW32 /d/GIT/Demo_stuffs (master)
$ git status
On branch master
Your branch is up to date with 'origin/master'.

Changes to be committed:
  (use "git reset HEAD <file>..." to unstage)

        modified:   First_demo.txt


Ab@Abhranail MINGW32 /d/GIT/Demo_stuffs (master)
$ git commit -m "This is first commit modified"
[master 53d4423] This is first commit modified
 1 file changed, 1 insertion(+), 1 deletion(-)

Ab@Abhranail MINGW32 /d/GIT/Demo_stuffs (master)
$ git push -u origin master
Enumerating objects: 5, done.
Counting objects: 100% (5/5), done.
Delta compression using up to 4 threads
Compressing objects: 100% (2/2), done.
Writing objects: 100% (3/3), 329 bytes | 65.00 KiB/s, done.
Total 3 (delta 0), reused 0 (delta 0)
To https://github.com/AbhranilTechnical/Demo_stuffs.git
   0f15739..53d4423  master -> master
Branch 'master' set up to track remote branch 'master' from 'origin'.

Ab@Abhranail MINGW32 /d/GIT/Demo_stuffs (master)
